******************************************************************************
                  MSP430 Linker PC v4.4.7                      
******************************************************************************
>> Linked Thu Mar 03 15:19:01 2016

OUTPUT FILE NAME:   <MSP_Serial_Com project.out>
ENTRY POINT SYMBOL: "_c_int00_noargs_noexit"  address: 0000c960


MEMORY CONFIGURATION

         name            origin    length      used     unused   attr    fill
----------------------  --------  ---------  --------  --------  ----  --------
  SFR                   00000000   00000010  00000000  00000010  RWIX
  PERIPHERALS_8BIT      00000010   000000f0  00000000  000000f0  RWIX
  PERIPHERALS_16BIT     00000100   00000100  00000000  00000100  RWIX
  RAM                   00000200   00000200  00000088  00000178  RWIX
  INFOD                 00001000   00000040  00000000  00000040  RWIX
  INFOC                 00001040   00000040  00000000  00000040  RWIX
  INFOB                 00001080   00000040  00000000  00000040  RWIX
  INFOA                 000010c0   00000040  00000000  00000040  RWIX
  FLASH                 0000c000   00003fde  00000e30  000031ae  RWIX
  BSLSIGNATURE          0000ffde   00000002  00000002  00000000  RWIX  ffff 
  INT00                 0000ffe0   00000002  00000002  00000000  RWIX
  INT01                 0000ffe2   00000002  00000000  00000002  RWIX
  INT02                 0000ffe4   00000002  00000002  00000000  RWIX
  INT03                 0000ffe6   00000002  00000002  00000000  RWIX
  INT04                 0000ffe8   00000002  00000000  00000002  RWIX
  INT05                 0000ffea   00000002  00000002  00000000  RWIX
  INT06                 0000ffec   00000002  00000002  00000000  RWIX
  INT07                 0000ffee   00000002  00000002  00000000  RWIX
  INT08                 0000fff0   00000002  00000002  00000000  RWIX
  INT09                 0000fff2   00000002  00000002  00000000  RWIX
  INT10                 0000fff4   00000002  00000002  00000000  RWIX
  INT11                 0000fff6   00000002  00000002  00000000  RWIX
  INT12                 0000fff8   00000002  00000002  00000000  RWIX
  INT13                 0000fffa   00000002  00000002  00000000  RWIX
  INT14                 0000fffc   00000002  00000002  00000000  RWIX
  RESET                 0000fffe   00000002  00000002  00000000  RWIX


SECTION ALLOCATION MAP

 output                                  attributes/
section   page    origin      length       input sections
--------  ----  ----------  ----------   ----------------
.bss       0    00000200    0000001c     UNINITIALIZED
                  00000200    00000010     (.common:rx_str_buffer)
                  00000210    00000006     (.common:tx_str_buffer)
                  00000216    00000002     (.common:MEASURE)
                  00000218    00000002     (.common:tx_i)
                  0000021a    00000002     (.common:tx_str_len)

.data      0    0000021c    0000001c     UNINITIALIZED
                  0000021c    00000010     commands.obj (.data)
                  0000022c    0000000a     msp_serial_com.obj (.data)
                  00000236    00000002     rts430_eabi.lib : strtok.obj (.data)

.TI.persistent 
*          0    0000021c    00000000     UNINITIALIZED

.stack     0    000003b0    00000050     UNINITIALIZED
                  000003b0    00000002     rts430_eabi.lib : boot.obj (.stack)
                  000003b2    0000004e     --HOLE--

.text      0    0000c000    00000abe     
                  0000c000    0000014e     msp_serial_com.obj (.text:USCI0RX_ISR)
                  0000c14e    0000009e     commands.obj (.text:Read_Temp)
                  0000c1ec    00000094     msp_serial_com.obj (.text:Serial_PrintHex)
                  0000c280    0000008e     commands.obj (.text:Red_led_func)
                  0000c30e    0000007c     commands.obj (.text:Exec_Commands)
                  0000c38a    00000074     msp_serial_com.obj (.text:Serial_HexStrToInt)
                  0000c3fe    00000070     commands.obj (.text:Timer_A)
                  0000c46e    00000066     commands.obj (.text:Green_led_func)
                  0000c4d4    00000064     msp_serial_com.obj (.text:Serial_PrintDec)
                  0000c538    00000064     rts430_eabi.lib : copy_decompress_rle.obj (.text:__TI_decompress_rle_core)
                  0000c59c    00000058                     : autoinit.obj (.text:_auto_init)
                  0000c5f4    00000056     commands.obj (.text:Num_Format_Select)
                  0000c64a    00000054     msp_serial_com.obj (.text:USCI0TX_ISR)
                  0000c69e    00000050     msp_serial_com.obj (.text:Serial_DecStrToInt)
                  0000c6ee    0000004e     rts430_eabi.lib : strtok.obj (.text:strtok)
                  0000c73c    0000004c                     : lsr16.obj (.text)
                  0000c788    00000040     msp_serial_com.obj (.text:Serial_PrintStr)
                  0000c7c8    00000040     commands.obj (.text:Silent_Mode_Select)
                  0000c808    0000003e     commands.obj (.text:Show_help)
                  0000c846    0000003a     msp_serial_com.obj (.text:Serial_PrintStrOSM)
                  0000c880    0000002c     msp_config.obj (.text:SetUART_115200_16MHz)
                  0000c8ac    0000002c     rts430_eabi.lib : lsl16.obj (.text)
                  0000c8d8    00000028                     : strcspn.obj (.text:strcspn)
                  0000c900    00000028                     : strspn.obj (.text:strspn)
                  0000c928    0000001e     msp_config.obj (.text:ConfigMSP)
                  0000c946    0000001a     msp_config.obj (.text:InitPorts)
                  0000c960    0000001a     rts430_eabi.lib : boot_special.obj (.text:_c_int00_noargs_noexit)
                  0000c97a    0000001a     main.obj (.text:main)
                  0000c994    00000018     rts430_eabi.lib : strcmp.obj (.text:strcmp)
                  0000c9ac    00000016     commands.obj (.text:PrintMeasure)
                  0000c9c2    00000016     rts430_eabi.lib : div16u.obj (.text)
                  0000c9d8    00000014                     : copy_zero_init.obj (.text:decompress:ZI:__TI_zero_init)
                  0000c9ec    00000014                     : mult16.obj (.text)
                  0000ca00    00000012     msp_serial_com.obj (.text:Serial_PrintInt)
                  0000ca12    00000012     msp_serial_com.obj (.text:Serial_StrToInt)
                  0000ca24    00000012     rts430_eabi.lib : copy_decompress_none.obj (.text:decompress:none:__TI_decompress_none)
                  0000ca36    00000012                     : memcpy.obj (.text:memcpy)
                  0000ca48    00000010                     : epilog.obj (.text)
                  0000ca58    00000010                     : strcpy.obj (.text:strcpy)
                  0000ca68    0000000e     msp_config.obj (.text:SetADC)
                  0000ca76    0000000e     msp_config.obj (.text:SetClock_16Mhz)
                  0000ca84    0000000e     msp_config.obj (.text:SetTimerA)
                  0000ca92    0000000e     rts430_eabi.lib : strlen.obj (.text:strlen)
                  0000caa0    0000000a     msp_serial_com.obj (.text:Serial_GetRxBuff)
                  0000caaa    00000006     rts430_eabi.lib : isr_trap.obj (.text:_isr:__TI_ISR_TRAP)
                  0000cab0    00000006                     : copy_decompress_rle.obj (.text:decompress:rle24:__TI_decompress_rle24)
                  0000cab6    00000004                     : pre_init.obj (.text:_system_pre_init)
                  0000caba    00000004                     : exit.obj (.text:abort)

.const     0    0000cabe    00000352     
                  0000cabe    0000032e     commands.obj (.const:.string)
                  0000cdec    00000024     commands.obj (.const:COMMAND_LIST)

.cinit     0    0000ce10    00000020     
                  0000ce10    0000000d     (.cinit..data.load) [load image, compression = rle]
                  0000ce1d    00000001     --HOLE-- [fill = 0]
                  0000ce1e    00000006     (__TI_handler_table)
                  0000ce24    00000004     (.cinit..bss.load) [load image, compression = zero_init]
                  0000ce28    00000008     (__TI_cinit_table)

.init_array 
*          0    0000c000    00000000     UNINITIALIZED

TRAPINT    0    0000ffe0    00000002     
                  0000ffe0    00000002     rts430_eabi.lib : int00.obj (.int00)

PORT1      0    0000ffe4    00000002     
                  0000ffe4    00000002     rts430_eabi.lib : int02.obj (.int02)

PORT2      0    0000ffe6    00000002     
                  0000ffe6    00000002     rts430_eabi.lib : int03.obj (.int03)

$fill000   0    0000ffde    00000002     
                  0000ffde    00000002     --HOLE-- [fill = ffff]

ADC10      0    0000ffea    00000002     
                  0000ffea    00000002     rts430_eabi.lib : int05.obj (.int05)

USCIAB0TX 
*          0    0000ffec    00000002     
                  0000ffec    00000002     msp_serial_com.obj (.int06)

USCIAB0RX 
*          0    0000ffee    00000002     
                  0000ffee    00000002     msp_serial_com.obj (.int07)

TIMER0_A1 
*          0    0000fff0    00000002     
                  0000fff0    00000002     rts430_eabi.lib : int08.obj (.int08)

TIMER0_A0 
*          0    0000fff2    00000002     
                  0000fff2    00000002     commands.obj (.int09)

WDT        0    0000fff4    00000002     
                  0000fff4    00000002     rts430_eabi.lib : int10.obj (.int10)

COMPARATORA 
*          0    0000fff6    00000002     
                  0000fff6    00000002     rts430_eabi.lib : int11.obj (.int11)

TIMER1_A1 
*          0    0000fff8    00000002     
                  0000fff8    00000002     rts430_eabi.lib : int12.obj (.int12)

TIMER1_A0 
*          0    0000fffa    00000002     
                  0000fffa    00000002     rts430_eabi.lib : int13.obj (.int13)

NMI        0    0000fffc    00000002     
                  0000fffc    00000002     rts430_eabi.lib : int14.obj (.int14)

.reset     0    0000fffe    00000002     
                  0000fffe    00000002     rts430_eabi.lib : boot.obj (.reset)


LINKER GENERATED COPY TABLES

__TI_cinit_table @ 0000ce28 records: 2, size/record: 4, table size: 8
	.data: load addr=0000ce10, load size=0000000d bytes, run addr=0000021c, run size=0000001c bytes, compression=rle
	.bss: load addr=0000ce24, load size=00000004 bytes, run addr=00000200, run size=0000001c bytes, compression=zero_init


LINKER GENERATED HANDLER TABLE

__TI_handler_table @ 0000ce1e records: 3, size/record: 2, table size: 6
	index: 0, handler: __TI_zero_init
	index: 1, handler: __TI_decompress_rle24
	index: 2, handler: __TI_decompress_none


GLOBAL SYMBOLS: SORTED ALPHABETICALLY BY Name 

address   name                    
-------   ----                    
0000004a  ADC10AE0                
000001b0  ADC10CTL0               
000001b2  ADC10CTL1               
00000048  ADC10DTC0               
00000049  ADC10DTC1               
000001b4  ADC10MEM                
000001bc  ADC10SA                 
00000057  BCSCTL1                 
00000058  BCSCTL2                 
00000053  BCSCTL3                 
0000021e  BLK_STATUS              
0000caba  C$$EXIT                 
00000059  CACTL1                  
0000005a  CACTL2                  
000010fb  CALBC1_12MHZ            
000010f9  CALBC1_16MHZ            
000010ff  CALBC1_1MHZ             
000010fd  CALBC1_8MHZ             
000010fa  CALDCO_12MHZ            
000010f8  CALDCO_16MHZ            
000010fe  CALDCO_1MHZ             
000010fc  CALDCO_8MHZ             
0000005b  CAPD                    
0000cdec  COMMAND_LIST            
0000c928  ConfigMSP               
00000056  DCOCTL                  
0000c30e  Exec_Commands           
00000128  FCTL1                   
0000012a  FCTL2                   
0000012c  FCTL3                   
0000021c  GRL_STATUS              
0000c46e  Green_led_func          
00000000  IE1                     
00000001  IE2                     
00000002  IFG1                    
00000003  IFG2                    
0000c946  InitPorts               
00000216  MEASURE                 
0000022a  MEASUREMENT             
00000234  NUM_FORMAT              
0000c5f4  Num_Format_Select       
00000022  P1DIR                   
00000025  P1IE                    
00000024  P1IES                   
00000023  P1IFG                   
00000020  P1IN                    
00000021  P1OUT                   
00000027  P1REN                   
00000026  P1SEL                   
00000041  P1SEL2                  
0000002a  P2DIR                   
0000002d  P2IE                    
0000002c  P2IES                   
0000002b  P2IFG                   
00000028  P2IN                    
00000029  P2OUT                   
0000002f  P2REN                   
0000002e  P2SEL                   
00000042  P2SEL2                  
0000001a  P3DIR                   
00000018  P3IN                    
00000019  P3OUT                   
00000010  P3REN                   
0000001b  P3SEL                   
00000043  P3SEL2                  
0000c9ac  PrintMeasure            
00000230  RX_TRS                  
0000c14e  Read_Temp               
0000c280  Red_led_func            
00000232  SILENT_MODE             
0000c69e  Serial_DecStrToInt      
0000caa0  Serial_GetRxBuff        
0000c38a  Serial_HexStrToInt      
0000c4d4  Serial_PrintDec         
0000c1ec  Serial_PrintHex         
0000ca00  Serial_PrintInt         
0000c788  Serial_PrintStr         
0000c846  Serial_PrintStrOSM      
0000ca12  Serial_StrToInt         
0000ca68  SetADC                  
0000ca76  SetClock_16Mhz          
0000ca84  SetTimerA               
0000c880  SetUART_115200_16MHz    
0000c808  Show_help               
0000c7c8  Silent_Mode_Select      
00000172  TA0CCR0                 
00000174  TA0CCR1                 
00000176  TA0CCR2                 
00000162  TA0CCTL0                
00000164  TA0CCTL1                
00000166  TA0CCTL2                
00000160  TA0CTL                  
0000012e  TA0IV                   
00000170  TA0R                    
00000192  TA1CCR0                 
00000194  TA1CCR1                 
00000196  TA1CCR2                 
00000182  TA1CCTL0                
00000184  TA1CCTL1                
00000186  TA1CCTL2                
00000180  TA1CTL                  
0000011e  TA1IV                   
00000190  TA1R                    
00000222  TIMER_A_SELECT          
000010db  TLV_ADC10_1_LEN         
000010da  TLV_ADC10_1_TAG         
000010c0  TLV_CHECKSUM            
000010f7  TLV_DCO_30_LEN          
000010f6  TLV_DCO_30_TAG          
00000220  TMS_STATUS              
0000022c  TX_TRS                  
00000228  T_MEAS                  
0000c3fe  Timer_A                 
0000005d  UCA0ABCTL               
00000062  UCA0BR0                 
00000063  UCA0BR1                 
00000060  UCA0CTL0                
00000061  UCA0CTL1                
0000005f  UCA0IRRCTL              
0000005e  UCA0IRTCTL              
00000064  UCA0MCTL                
00000066  UCA0RXBUF               
00000065  UCA0STAT                
00000067  UCA0TXBUF               
0000006a  UCB0BR0                 
0000006b  UCB0BR1                 
00000068  UCB0CTL0                
00000069  UCB0CTL1                
0000006c  UCB0I2CIE               
00000118  UCB0I2COA               
0000011a  UCB0I2CSA               
0000006e  UCB0RXBUF               
0000006d  UCB0STAT                
0000006f  UCB0TXBUF               
0000c000  USCI0RX_ISR             
0000c64a  USCI0TX_ISR             
00000120  WDTCTL                  
00000400  __STACK_END             
00000050  __STACK_SIZE            
0000ce28  __TI_CINIT_Base         
0000ce30  __TI_CINIT_Limit        
0000ce1e  __TI_Handler_Table_Base 
0000ce24  __TI_Handler_Table_Limit
UNDEFED   __TI_INITARRAY_Base     
UNDEFED   __TI_INITARRAY_Limit    
0000caaa  __TI_ISR_TRAP           
0000ca24  __TI_decompress_none    
0000cab0  __TI_decompress_rle24   
0000ffe0  __TI_int00              
0000ffe4  __TI_int02              
0000ffe6  __TI_int03              
0000ffea  __TI_int05              
0000ffec  __TI_int06              
0000ffee  __TI_int07              
0000fff0  __TI_int08              
0000fff2  __TI_int09              
0000fff4  __TI_int10              
0000fff6  __TI_int11              
0000fff8  __TI_int12              
0000fffa  __TI_int13              
0000fffc  __TI_int14              
0000c9d8  __TI_zero_init          
ffffffff  __binit__               
ffffffff  __c_args__              
0000c9c2  __mspabi_divu           
0000ca54  __mspabi_func_epilog_1  
0000ca52  __mspabi_func_epilog_2  
0000ca50  __mspabi_func_epilog_3  
0000ca4e  __mspabi_func_epilog_4  
0000ca4c  __mspabi_func_epilog_5  
0000ca4a  __mspabi_func_epilog_6  
0000ca48  __mspabi_func_epilog_7  
0000c9ec  __mspabi_mpyi           
0000c9ec  __mspabi_mpyi_sw        
0000c9c2  __mspabi_remu           
0000c8ac  __mspabi_slli           
0000c8d4  __mspabi_slli_1         
0000c8c2  __mspabi_slli_10        
0000c8c0  __mspabi_slli_11        
0000c8be  __mspabi_slli_12        
0000c8bc  __mspabi_slli_13        
0000c8ba  __mspabi_slli_14        
0000c8b8  __mspabi_slli_15        
0000c8d2  __mspabi_slli_2         
0000c8d0  __mspabi_slli_3         
0000c8ce  __mspabi_slli_4         
0000c8cc  __mspabi_slli_5         
0000c8ca  __mspabi_slli_6         
0000c8c8  __mspabi_slli_7         
0000c8c6  __mspabi_slli_8         
0000c8c4  __mspabi_slli_9         
0000c73c  __mspabi_srli           
0000c782  __mspabi_srli_1         
0000c75e  __mspabi_srli_10        
0000c75a  __mspabi_srli_11        
0000c756  __mspabi_srli_12        
0000c752  __mspabi_srli_13        
0000c74e  __mspabi_srli_14        
0000c74a  __mspabi_srli_15        
0000c77e  __mspabi_srli_2         
0000c77a  __mspabi_srli_3         
0000c776  __mspabi_srli_4         
0000c772  __mspabi_srli_5         
0000c76e  __mspabi_srli_6         
0000c76a  __mspabi_srli_7         
0000c766  __mspabi_srli_8         
0000c762  __mspabi_srli_9         
0000c59c  _auto_init              
0000c960  _c_int00_noargs_noexit  
0000fffe  _reset_vector           
000003b0  _stack                  
0000cab6  _system_pre_init        
0000caba  abort                   
ffffffff  binit                   
0000c97a  main                    
0000ca36  memcpy                  
00000224  msec_counter            
0000022e  rx_i                    
00000200  rx_str_buffer           
00000226  sec_counter             
0000c994  strcmp                  
0000ca58  strcpy                  
0000c8d8  strcspn                 
0000ca92  strlen                  
0000c900  strspn                  
0000c6ee  strtok                  
00000218  tx_i                    
00000210  tx_str_buffer           
0000021a  tx_str_len              


GLOBAL SYMBOLS: SORTED BY Symbol Address 

address   name                    
-------   ----                    
00000000  IE1                     
00000001  IE2                     
00000002  IFG1                    
00000003  IFG2                    
00000010  P3REN                   
00000018  P3IN                    
00000019  P3OUT                   
0000001a  P3DIR                   
0000001b  P3SEL                   
00000020  P1IN                    
00000021  P1OUT                   
00000022  P1DIR                   
00000023  P1IFG                   
00000024  P1IES                   
00000025  P1IE                    
00000026  P1SEL                   
00000027  P1REN                   
00000028  P2IN                    
00000029  P2OUT                   
0000002a  P2DIR                   
0000002b  P2IFG                   
0000002c  P2IES                   
0000002d  P2IE                    
0000002e  P2SEL                   
0000002f  P2REN                   
00000041  P1SEL2                  
00000042  P2SEL2                  
00000043  P3SEL2                  
00000048  ADC10DTC0               
00000049  ADC10DTC1               
0000004a  ADC10AE0                
00000050  __STACK_SIZE            
00000053  BCSCTL3                 
00000056  DCOCTL                  
00000057  BCSCTL1                 
00000058  BCSCTL2                 
00000059  CACTL1                  
0000005a  CACTL2                  
0000005b  CAPD                    
0000005d  UCA0ABCTL               
0000005e  UCA0IRTCTL              
0000005f  UCA0IRRCTL              
00000060  UCA0CTL0                
00000061  UCA0CTL1                
00000062  UCA0BR0                 
00000063  UCA0BR1                 
00000064  UCA0MCTL                
00000065  UCA0STAT                
00000066  UCA0RXBUF               
00000067  UCA0TXBUF               
00000068  UCB0CTL0                
00000069  UCB0CTL1                
0000006a  UCB0BR0                 
0000006b  UCB0BR1                 
0000006c  UCB0I2CIE               
0000006d  UCB0STAT                
0000006e  UCB0RXBUF               
0000006f  UCB0TXBUF               
00000118  UCB0I2COA               
0000011a  UCB0I2CSA               
0000011e  TA1IV                   
00000120  WDTCTL                  
00000128  FCTL1                   
0000012a  FCTL2                   
0000012c  FCTL3                   
0000012e  TA0IV                   
00000160  TA0CTL                  
00000162  TA0CCTL0                
00000164  TA0CCTL1                
00000166  TA0CCTL2                
00000170  TA0R                    
00000172  TA0CCR0                 
00000174  TA0CCR1                 
00000176  TA0CCR2                 
00000180  TA1CTL                  
00000182  TA1CCTL0                
00000184  TA1CCTL1                
00000186  TA1CCTL2                
00000190  TA1R                    
00000192  TA1CCR0                 
00000194  TA1CCR1                 
00000196  TA1CCR2                 
000001b0  ADC10CTL0               
000001b2  ADC10CTL1               
000001b4  ADC10MEM                
000001bc  ADC10SA                 
00000200  rx_str_buffer           
00000210  tx_str_buffer           
00000216  MEASURE                 
00000218  tx_i                    
0000021a  tx_str_len              
0000021c  GRL_STATUS              
0000021e  BLK_STATUS              
00000220  TMS_STATUS              
00000222  TIMER_A_SELECT          
00000224  msec_counter            
00000226  sec_counter             
00000228  T_MEAS                  
0000022a  MEASUREMENT             
0000022c  TX_TRS                  
0000022e  rx_i                    
00000230  RX_TRS                  
00000232  SILENT_MODE             
00000234  NUM_FORMAT              
000003b0  _stack                  
00000400  __STACK_END             
000010c0  TLV_CHECKSUM            
000010da  TLV_ADC10_1_TAG         
000010db  TLV_ADC10_1_LEN         
000010f6  TLV_DCO_30_TAG          
000010f7  TLV_DCO_30_LEN          
000010f8  CALDCO_16MHZ            
000010f9  CALBC1_16MHZ            
000010fa  CALDCO_12MHZ            
000010fb  CALBC1_12MHZ            
000010fc  CALDCO_8MHZ             
000010fd  CALBC1_8MHZ             
000010fe  CALDCO_1MHZ             
000010ff  CALBC1_1MHZ             
0000c000  USCI0RX_ISR             
0000c14e  Read_Temp               
0000c1ec  Serial_PrintHex         
0000c280  Red_led_func            
0000c30e  Exec_Commands           
0000c38a  Serial_HexStrToInt      
0000c3fe  Timer_A                 
0000c46e  Green_led_func          
0000c4d4  Serial_PrintDec         
0000c59c  _auto_init              
0000c5f4  Num_Format_Select       
0000c64a  USCI0TX_ISR             
0000c69e  Serial_DecStrToInt      
0000c6ee  strtok                  
0000c73c  __mspabi_srli           
0000c74a  __mspabi_srli_15        
0000c74e  __mspabi_srli_14        
0000c752  __mspabi_srli_13        
0000c756  __mspabi_srli_12        
0000c75a  __mspabi_srli_11        
0000c75e  __mspabi_srli_10        
0000c762  __mspabi_srli_9         
0000c766  __mspabi_srli_8         
0000c76a  __mspabi_srli_7         
0000c76e  __mspabi_srli_6         
0000c772  __mspabi_srli_5         
0000c776  __mspabi_srli_4         
0000c77a  __mspabi_srli_3         
0000c77e  __mspabi_srli_2         
0000c782  __mspabi_srli_1         
0000c788  Serial_PrintStr         
0000c7c8  Silent_Mode_Select      
0000c808  Show_help               
0000c846  Serial_PrintStrOSM      
0000c880  SetUART_115200_16MHz    
0000c8ac  __mspabi_slli           
0000c8b8  __mspabi_slli_15        
0000c8ba  __mspabi_slli_14        
0000c8bc  __mspabi_slli_13        
0000c8be  __mspabi_slli_12        
0000c8c0  __mspabi_slli_11        
0000c8c2  __mspabi_slli_10        
0000c8c4  __mspabi_slli_9         
0000c8c6  __mspabi_slli_8         
0000c8c8  __mspabi_slli_7         
0000c8ca  __mspabi_slli_6         
0000c8cc  __mspabi_slli_5         
0000c8ce  __mspabi_slli_4         
0000c8d0  __mspabi_slli_3         
0000c8d2  __mspabi_slli_2         
0000c8d4  __mspabi_slli_1         
0000c8d8  strcspn                 
0000c900  strspn                  
0000c928  ConfigMSP               
0000c946  InitPorts               
0000c960  _c_int00_noargs_noexit  
0000c97a  main                    
0000c994  strcmp                  
0000c9ac  PrintMeasure            
0000c9c2  __mspabi_divu           
0000c9c2  __mspabi_remu           
0000c9d8  __TI_zero_init          
0000c9ec  __mspabi_mpyi           
0000c9ec  __mspabi_mpyi_sw        
0000ca00  Serial_PrintInt         
0000ca12  Serial_StrToInt         
0000ca24  __TI_decompress_none    
0000ca36  memcpy                  
0000ca48  __mspabi_func_epilog_7  
0000ca4a  __mspabi_func_epilog_6  
0000ca4c  __mspabi_func_epilog_5  
0000ca4e  __mspabi_func_epilog_4  
0000ca50  __mspabi_func_epilog_3  
0000ca52  __mspabi_func_epilog_2  
0000ca54  __mspabi_func_epilog_1  
0000ca58  strcpy                  
0000ca68  SetADC                  
0000ca76  SetClock_16Mhz          
0000ca84  SetTimerA               
0000ca92  strlen                  
0000caa0  Serial_GetRxBuff        
0000caaa  __TI_ISR_TRAP           
0000cab0  __TI_decompress_rle24   
0000cab6  _system_pre_init        
0000caba  C$$EXIT                 
0000caba  abort                   
0000cdec  COMMAND_LIST            
0000ce1e  __TI_Handler_Table_Base 
0000ce24  __TI_Handler_Table_Limit
0000ce28  __TI_CINIT_Base         
0000ce30  __TI_CINIT_Limit        
0000ffe0  __TI_int00              
0000ffe4  __TI_int02              
0000ffe6  __TI_int03              
0000ffea  __TI_int05              
0000ffec  __TI_int06              
0000ffee  __TI_int07              
0000fff0  __TI_int08              
0000fff2  __TI_int09              
0000fff4  __TI_int10              
0000fff6  __TI_int11              
0000fff8  __TI_int12              
0000fffa  __TI_int13              
0000fffc  __TI_int14              
0000fffe  _reset_vector           
ffffffff  __binit__               
ffffffff  __c_args__              
ffffffff  binit                   
UNDEFED   __TI_INITARRAY_Base     
UNDEFED   __TI_INITARRAY_Limit    

[229 symbols]
