******************************************************************************
                  MSP430 Linker PC v4.4.7                      
******************************************************************************
>> Linked Mon Feb 29 16:39:13 2016

OUTPUT FILE NAME:   <MSP_Serial_Com project.out>
ENTRY POINT SYMBOL: "_c_int00_noargs_noexit"  address: 0000c942


MEMORY CONFIGURATION

         name            origin    length      used     unused   attr    fill
----------------------  --------  ---------  --------  --------  ----  --------
  SFR                   00000000   00000010  00000000  00000010  RWIX
  PERIPHERALS_8BIT      00000010   000000f0  00000000  000000f0  RWIX
  PERIPHERALS_16BIT     00000100   00000100  00000000  00000100  RWIX
  RAM                   00000200   00000200  0000008a  00000176  RWIX
  INFOD                 00001000   00000040  00000000  00000040  RWIX
  INFOC                 00001040   00000040  00000000  00000040  RWIX
  INFOB                 00001080   00000040  00000000  00000040  RWIX
  INFOA                 000010c0   00000040  00000000  00000040  RWIX
  FLASH                 0000c000   00003fde  00000de8  000031f6  RWIX
  BSLSIGNATURE          0000ffde   00000002  00000002  00000000  RWIX  ffff 
  INT00                 0000ffe0   00000002  00000002  00000000  RWIX
  INT01                 0000ffe2   00000002  00000000  00000002  RWIX
  INT02                 0000ffe4   00000002  00000002  00000000  RWIX
  INT03                 0000ffe6   00000002  00000002  00000000  RWIX
  INT04                 0000ffe8   00000002  00000000  00000002  RWIX
  INT05                 0000ffea   00000002  00000002  00000000  RWIX
  INT06                 0000ffec   00000002  00000002  00000000  RWIX
  INT07                 0000ffee   00000002  00000002  00000000  RWIX
  INT08                 0000fff0   00000002  00000002  00000000  RWIX
  INT09                 0000fff2   00000002  00000002  00000000  RWIX
  INT10                 0000fff4   00000002  00000002  00000000  RWIX
  INT11                 0000fff6   00000002  00000002  00000000  RWIX
  INT12                 0000fff8   00000002  00000002  00000000  RWIX
  INT13                 0000fffa   00000002  00000002  00000000  RWIX
  INT14                 0000fffc   00000002  00000002  00000000  RWIX
  RESET                 0000fffe   00000002  00000002  00000000  RWIX


SECTION ALLOCATION MAP

 output                                  attributes/
section   page    origin      length       input sections
--------  ----  ----------  ----------   ----------------
.data      0    00000200    0000001e     UNINITIALIZED
                  00000200    00000010     commands.obj (.data)
                  00000210    0000000c     msp_serial_com.obj (.data)
                  0000021c    00000002     rts430_eabi.lib : strtok.obj (.data)

.bss       0    0000021e    0000001c     UNINITIALIZED
                  0000021e    00000010     (.common:rx_str_buffer)
                  0000022e    00000006     (.common:tx_str_buffer)
                  00000234    00000002     (.common:MEASURE)
                  00000236    00000002     (.common:tx_i)
                  00000238    00000002     (.common:tx_str_len)

.TI.persistent 
*          0    00000200    00000000     UNINITIALIZED

.stack     0    000003b0    00000050     UNINITIALIZED
                  000003b0    00000002     rts430_eabi.lib : boot.obj (.stack)
                  000003b2    0000004e     --HOLE--

.text      0    0000c000    00000aa0     
                  0000c000    00000146     msp_serial_com.obj (.text:USCI0RX_ISR)
                  0000c146    0000009e     commands.obj (.text:Read_Temp)
                  0000c1e4    00000094     msp_serial_com.obj (.text:Serial_PrintHex)
                  0000c278    0000008e     commands.obj (.text:Red_led_func)
                  0000c306    0000007c     commands.obj (.text:Exec_Commands)
                  0000c382    00000074     msp_serial_com.obj (.text:Serial_HexStrToInt)
                  0000c3f6    00000070     commands.obj (.text:Timer_A)
                  0000c466    00000066     commands.obj (.text:Green_led_func)
                  0000c4cc    00000064     msp_serial_com.obj (.text:Serial_PrintDec)
                  0000c530    00000064     rts430_eabi.lib : copy_decompress_rle.obj (.text:__TI_decompress_rle_core)
                  0000c594    00000060     msp_serial_com.obj (.text:USCI0TX_ISR)
                  0000c5f4    00000058     rts430_eabi.lib : autoinit.obj (.text:_auto_init)
                  0000c64c    00000050     msp_serial_com.obj (.text:Serial_DecStrToInt)
                  0000c69c    0000004e     rts430_eabi.lib : strtok.obj (.text:strtok)
                  0000c6ea    0000004c                     : lsr16.obj (.text)
                  0000c736    00000040     msp_serial_com.obj (.text:Serial_PrintStr)
                  0000c776    00000040     commands.obj (.text:Silent_Mode_Select)
                  0000c7b6    0000003e     commands.obj (.text:Show_help)
                  0000c7f4    0000003a     msp_serial_com.obj (.text:Serial_PrintStrOSM)
                  0000c82e    00000034     commands.obj (.text:Num_Format_Select)
                  0000c862    0000002c     msp_config.obj (.text:SetUART_115200_16MHz)
                  0000c88e    0000002c     rts430_eabi.lib : lsl16.obj (.text)
                  0000c8ba    00000028                     : strcspn.obj (.text:strcspn)
                  0000c8e2    00000028                     : strspn.obj (.text:strspn)
                  0000c90a    0000001e     msp_config.obj (.text:ConfigMSP)
                  0000c928    0000001a     msp_config.obj (.text:InitPorts)
                  0000c942    0000001a     rts430_eabi.lib : boot_special.obj (.text:_c_int00_noargs_noexit)
                  0000c95c    0000001a     main.obj (.text:main)
                  0000c976    00000018     rts430_eabi.lib : strcmp.obj (.text:strcmp)
                  0000c98e    00000016     commands.obj (.text:PrintMeasure)
                  0000c9a4    00000016     rts430_eabi.lib : div16u.obj (.text)
                  0000c9ba    00000014                     : copy_zero_init.obj (.text:decompress:ZI:__TI_zero_init)
                  0000c9ce    00000014                     : mult16.obj (.text)
                  0000c9e2    00000012     msp_serial_com.obj (.text:Serial_PrintInt)
                  0000c9f4    00000012     msp_serial_com.obj (.text:Serial_StrToInt)
                  0000ca06    00000012     rts430_eabi.lib : copy_decompress_none.obj (.text:decompress:none:__TI_decompress_none)
                  0000ca18    00000012                     : memcpy.obj (.text:memcpy)
                  0000ca2a    00000010                     : epilog.obj (.text)
                  0000ca3a    00000010                     : strcpy.obj (.text:strcpy)
                  0000ca4a    0000000e     msp_config.obj (.text:SetADC)
                  0000ca58    0000000e     msp_config.obj (.text:SetClock_16Mhz)
                  0000ca66    0000000e     msp_config.obj (.text:SetTimerA)
                  0000ca74    0000000e     rts430_eabi.lib : strlen.obj (.text:strlen)
                  0000ca82    0000000a     msp_serial_com.obj (.text:Serial_GetRxBuff)
                  0000ca8c    00000006     rts430_eabi.lib : isr_trap.obj (.text:_isr:__TI_ISR_TRAP)
                  0000ca92    00000006                     : copy_decompress_rle.obj (.text:decompress:rle24:__TI_decompress_rle24)
                  0000ca98    00000004                     : pre_init.obj (.text:_system_pre_init)
                  0000ca9c    00000004                     : exit.obj (.text:abort)

.const     0    0000caa0    00000328     
                  0000caa0    00000304     commands.obj (.const:.string)
                  0000cda4    00000024     commands.obj (.const:COMMAND_LIST)

.cinit     0    0000cdc8    00000020     
                  0000cdc8    0000000d     (.cinit..data.load) [load image, compression = rle]
                  0000cdd5    00000001     --HOLE-- [fill = 0]
                  0000cdd6    00000006     (__TI_handler_table)
                  0000cddc    00000004     (.cinit..bss.load) [load image, compression = zero_init]
                  0000cde0    00000008     (__TI_cinit_table)

.init_array 
*          0    0000c000    00000000     UNINITIALIZED

TRAPINT    0    0000ffe0    00000002     
                  0000ffe0    00000002     rts430_eabi.lib : int00.obj (.int00)

PORT1      0    0000ffe4    00000002     
                  0000ffe4    00000002     rts430_eabi.lib : int02.obj (.int02)

PORT2      0    0000ffe6    00000002     
                  0000ffe6    00000002     rts430_eabi.lib : int03.obj (.int03)

$fill000   0    0000ffde    00000002     
                  0000ffde    00000002     --HOLE-- [fill = ffff]

ADC10      0    0000ffea    00000002     
                  0000ffea    00000002     rts430_eabi.lib : int05.obj (.int05)

USCIAB0TX 
*          0    0000ffec    00000002     
                  0000ffec    00000002     msp_serial_com.obj (.int06)

USCIAB0RX 
*          0    0000ffee    00000002     
                  0000ffee    00000002     msp_serial_com.obj (.int07)

TIMER0_A1 
*          0    0000fff0    00000002     
                  0000fff0    00000002     rts430_eabi.lib : int08.obj (.int08)

TIMER0_A0 
*          0    0000fff2    00000002     
                  0000fff2    00000002     commands.obj (.int09)

WDT        0    0000fff4    00000002     
                  0000fff4    00000002     rts430_eabi.lib : int10.obj (.int10)

COMPARATORA 
*          0    0000fff6    00000002     
                  0000fff6    00000002     rts430_eabi.lib : int11.obj (.int11)

TIMER1_A1 
*          0    0000fff8    00000002     
                  0000fff8    00000002     rts430_eabi.lib : int12.obj (.int12)

TIMER1_A0 
*          0    0000fffa    00000002     
                  0000fffa    00000002     rts430_eabi.lib : int13.obj (.int13)

NMI        0    0000fffc    00000002     
                  0000fffc    00000002     rts430_eabi.lib : int14.obj (.int14)

.reset     0    0000fffe    00000002     
                  0000fffe    00000002     rts430_eabi.lib : boot.obj (.reset)


LINKER GENERATED COPY TABLES

__TI_cinit_table @ 0000cde0 records: 2, size/record: 4, table size: 8
	.data: load addr=0000cdc8, load size=0000000d bytes, run addr=00000200, run size=0000001e bytes, compression=rle
	.bss: load addr=0000cddc, load size=00000004 bytes, run addr=0000021e, run size=0000001c bytes, compression=zero_init


LINKER GENERATED HANDLER TABLE

__TI_handler_table @ 0000cdd6 records: 3, size/record: 2, table size: 6
	index: 0, handler: __TI_zero_init
	index: 1, handler: __TI_decompress_rle24
	index: 2, handler: __TI_decompress_none


GLOBAL SYMBOLS: SORTED ALPHABETICALLY BY Name 

address   name                    
-------   ----                    
0000004a  ADC10AE0                
000001b0  ADC10CTL0               
000001b2  ADC10CTL1               
00000048  ADC10DTC0               
00000049  ADC10DTC1               
000001b4  ADC10MEM                
000001bc  ADC10SA                 
00000057  BCSCTL1                 
00000058  BCSCTL2                 
00000053  BCSCTL3                 
00000202  BLK_STATUS              
0000ca9c  C$$EXIT                 
00000059  CACTL1                  
0000005a  CACTL2                  
000010fb  CALBC1_12MHZ            
000010f9  CALBC1_16MHZ            
000010ff  CALBC1_1MHZ             
000010fd  CALBC1_8MHZ             
000010fa  CALDCO_12MHZ            
000010f8  CALDCO_16MHZ            
000010fe  CALDCO_1MHZ             
000010fc  CALDCO_8MHZ             
0000005b  CAPD                    
0000cda4  COMMAND_LIST            
0000c90a  ConfigMSP               
00000056  DCOCTL                  
0000c306  Exec_Commands           
00000128  FCTL1                   
0000012a  FCTL2                   
0000012c  FCTL3                   
00000200  GRL_STATUS              
0000c466  Green_led_func          
00000000  IE1                     
00000001  IE2                     
00000002  IFG1                    
00000003  IFG2                    
0000c928  InitPorts               
00000234  MEASURE                 
0000020e  MEASUREMENT             
0000021a  NUM_FORMAT              
0000c82e  Num_Format_Select       
00000022  P1DIR                   
00000025  P1IE                    
00000024  P1IES                   
00000023  P1IFG                   
00000020  P1IN                    
00000021  P1OUT                   
00000027  P1REN                   
00000026  P1SEL                   
00000041  P1SEL2                  
0000002a  P2DIR                   
0000002d  P2IE                    
0000002c  P2IES                   
0000002b  P2IFG                   
00000028  P2IN                    
00000029  P2OUT                   
0000002f  P2REN                   
0000002e  P2SEL                   
00000042  P2SEL2                  
0000001a  P3DIR                   
00000018  P3IN                    
00000019  P3OUT                   
00000010  P3REN                   
0000001b  P3SEL                   
00000043  P3SEL2                  
0000c98e  PrintMeasure            
00000216  RX_TRS                  
0000c146  Read_Temp               
0000c278  Red_led_func            
00000218  SILENT_MODE             
0000c64c  Serial_DecStrToInt      
0000ca82  Serial_GetRxBuff        
0000c382  Serial_HexStrToInt      
0000c4cc  Serial_PrintDec         
0000c1e4  Serial_PrintHex         
0000c9e2  Serial_PrintInt         
0000c736  Serial_PrintStr         
0000c7f4  Serial_PrintStrOSM      
0000c9f4  Serial_StrToInt         
0000ca4a  SetADC                  
0000ca58  SetClock_16Mhz          
0000ca66  SetTimerA               
0000c862  SetUART_115200_16MHz    
0000c7b6  Show_help               
0000c776  Silent_Mode_Select      
00000172  TA0CCR0                 
00000174  TA0CCR1                 
00000176  TA0CCR2                 
00000162  TA0CCTL0                
00000164  TA0CCTL1                
00000166  TA0CCTL2                
00000160  TA0CTL                  
0000012e  TA0IV                   
00000170  TA0R                    
00000192  TA1CCR0                 
00000194  TA1CCR1                 
00000196  TA1CCR2                 
00000182  TA1CCTL0                
00000184  TA1CCTL1                
00000186  TA1CCTL2                
00000180  TA1CTL                  
0000011e  TA1IV                   
00000190  TA1R                    
00000206  TIMER_A_SELECT          
000010db  TLV_ADC10_1_LEN         
000010da  TLV_ADC10_1_TAG         
000010c0  TLV_CHECKSUM            
000010f7  TLV_DCO_30_LEN          
000010f6  TLV_DCO_30_TAG          
00000204  TMS_STATUS              
00000210  TX_STR                  
00000212  TX_TRS                  
0000020c  T_MEAS                  
0000c3f6  Timer_A                 
0000005d  UCA0ABCTL               
00000062  UCA0BR0                 
00000063  UCA0BR1                 
00000060  UCA0CTL0                
00000061  UCA0CTL1                
0000005f  UCA0IRRCTL              
0000005e  UCA0IRTCTL              
00000064  UCA0MCTL                
00000066  UCA0RXBUF               
00000065  UCA0STAT                
00000067  UCA0TXBUF               
0000006a  UCB0BR0                 
0000006b  UCB0BR1                 
00000068  UCB0CTL0                
00000069  UCB0CTL1                
0000006c  UCB0I2CIE               
00000118  UCB0I2COA               
0000011a  UCB0I2CSA               
0000006e  UCB0RXBUF               
0000006d  UCB0STAT                
0000006f  UCB0TXBUF               
0000c000  USCI0RX_ISR             
0000c594  USCI0TX_ISR             
00000120  WDTCTL                  
00000400  __STACK_END             
00000050  __STACK_SIZE            
0000cde0  __TI_CINIT_Base         
0000cde8  __TI_CINIT_Limit        
0000cdd6  __TI_Handler_Table_Base 
0000cddc  __TI_Handler_Table_Limit
UNDEFED   __TI_INITARRAY_Base     
UNDEFED   __TI_INITARRAY_Limit    
0000ca8c  __TI_ISR_TRAP           
0000ca06  __TI_decompress_none    
0000ca92  __TI_decompress_rle24   
0000ffe0  __TI_int00              
0000ffe4  __TI_int02              
0000ffe6  __TI_int03              
0000ffea  __TI_int05              
0000ffec  __TI_int06              
0000ffee  __TI_int07              
0000fff0  __TI_int08              
0000fff2  __TI_int09              
0000fff4  __TI_int10              
0000fff6  __TI_int11              
0000fff8  __TI_int12              
0000fffa  __TI_int13              
0000fffc  __TI_int14              
0000c9ba  __TI_zero_init          
ffffffff  __binit__               
ffffffff  __c_args__              
0000c9a4  __mspabi_divu           
0000ca36  __mspabi_func_epilog_1  
0000ca34  __mspabi_func_epilog_2  
0000ca32  __mspabi_func_epilog_3  
0000ca30  __mspabi_func_epilog_4  
0000ca2e  __mspabi_func_epilog_5  
0000ca2c  __mspabi_func_epilog_6  
0000ca2a  __mspabi_func_epilog_7  
0000c9ce  __mspabi_mpyi           
0000c9ce  __mspabi_mpyi_sw        
0000c9a4  __mspabi_remu           
0000c88e  __mspabi_slli           
0000c8b6  __mspabi_slli_1         
0000c8a4  __mspabi_slli_10        
0000c8a2  __mspabi_slli_11        
0000c8a0  __mspabi_slli_12        
0000c89e  __mspabi_slli_13        
0000c89c  __mspabi_slli_14        
0000c89a  __mspabi_slli_15        
0000c8b4  __mspabi_slli_2         
0000c8b2  __mspabi_slli_3         
0000c8b0  __mspabi_slli_4         
0000c8ae  __mspabi_slli_5         
0000c8ac  __mspabi_slli_6         
0000c8aa  __mspabi_slli_7         
0000c8a8  __mspabi_slli_8         
0000c8a6  __mspabi_slli_9         
0000c6ea  __mspabi_srli           
0000c730  __mspabi_srli_1         
0000c70c  __mspabi_srli_10        
0000c708  __mspabi_srli_11        
0000c704  __mspabi_srli_12        
0000c700  __mspabi_srli_13        
0000c6fc  __mspabi_srli_14        
0000c6f8  __mspabi_srli_15        
0000c72c  __mspabi_srli_2         
0000c728  __mspabi_srli_3         
0000c724  __mspabi_srli_4         
0000c720  __mspabi_srli_5         
0000c71c  __mspabi_srli_6         
0000c718  __mspabi_srli_7         
0000c714  __mspabi_srli_8         
0000c710  __mspabi_srli_9         
0000c5f4  _auto_init              
0000c942  _c_int00_noargs_noexit  
0000fffe  _reset_vector           
000003b0  _stack                  
0000ca98  _system_pre_init        
0000ca9c  abort                   
ffffffff  binit                   
0000c95c  main                    
0000ca18  memcpy                  
00000208  msec_counter            
00000214  rx_i                    
0000021e  rx_str_buffer           
0000020a  sec_counter             
0000c976  strcmp                  
0000ca3a  strcpy                  
0000c8ba  strcspn                 
0000ca74  strlen                  
0000c8e2  strspn                  
0000c69c  strtok                  
00000236  tx_i                    
0000022e  tx_str_buffer           
00000238  tx_str_len              


GLOBAL SYMBOLS: SORTED BY Symbol Address 

address   name                    
-------   ----                    
00000000  IE1                     
00000001  IE2                     
00000002  IFG1                    
00000003  IFG2                    
00000010  P3REN                   
00000018  P3IN                    
00000019  P3OUT                   
0000001a  P3DIR                   
0000001b  P3SEL                   
00000020  P1IN                    
00000021  P1OUT                   
00000022  P1DIR                   
00000023  P1IFG                   
00000024  P1IES                   
00000025  P1IE                    
00000026  P1SEL                   
00000027  P1REN                   
00000028  P2IN                    
00000029  P2OUT                   
0000002a  P2DIR                   
0000002b  P2IFG                   
0000002c  P2IES                   
0000002d  P2IE                    
0000002e  P2SEL                   
0000002f  P2REN                   
00000041  P1SEL2                  
00000042  P2SEL2                  
00000043  P3SEL2                  
00000048  ADC10DTC0               
00000049  ADC10DTC1               
0000004a  ADC10AE0                
00000050  __STACK_SIZE            
00000053  BCSCTL3                 
00000056  DCOCTL                  
00000057  BCSCTL1                 
00000058  BCSCTL2                 
00000059  CACTL1                  
0000005a  CACTL2                  
0000005b  CAPD                    
0000005d  UCA0ABCTL               
0000005e  UCA0IRTCTL              
0000005f  UCA0IRRCTL              
00000060  UCA0CTL0                
00000061  UCA0CTL1                
00000062  UCA0BR0                 
00000063  UCA0BR1                 
00000064  UCA0MCTL                
00000065  UCA0STAT                
00000066  UCA0RXBUF               
00000067  UCA0TXBUF               
00000068  UCB0CTL0                
00000069  UCB0CTL1                
0000006a  UCB0BR0                 
0000006b  UCB0BR1                 
0000006c  UCB0I2CIE               
0000006d  UCB0STAT                
0000006e  UCB0RXBUF               
0000006f  UCB0TXBUF               
00000118  UCB0I2COA               
0000011a  UCB0I2CSA               
0000011e  TA1IV                   
00000120  WDTCTL                  
00000128  FCTL1                   
0000012a  FCTL2                   
0000012c  FCTL3                   
0000012e  TA0IV                   
00000160  TA0CTL                  
00000162  TA0CCTL0                
00000164  TA0CCTL1                
00000166  TA0CCTL2                
00000170  TA0R                    
00000172  TA0CCR0                 
00000174  TA0CCR1                 
00000176  TA0CCR2                 
00000180  TA1CTL                  
00000182  TA1CCTL0                
00000184  TA1CCTL1                
00000186  TA1CCTL2                
00000190  TA1R                    
00000192  TA1CCR0                 
00000194  TA1CCR1                 
00000196  TA1CCR2                 
000001b0  ADC10CTL0               
000001b2  ADC10CTL1               
000001b4  ADC10MEM                
000001bc  ADC10SA                 
00000200  GRL_STATUS              
00000202  BLK_STATUS              
00000204  TMS_STATUS              
00000206  TIMER_A_SELECT          
00000208  msec_counter            
0000020a  sec_counter             
0000020c  T_MEAS                  
0000020e  MEASUREMENT             
00000210  TX_STR                  
00000212  TX_TRS                  
00000214  rx_i                    
00000216  RX_TRS                  
00000218  SILENT_MODE             
0000021a  NUM_FORMAT              
0000021e  rx_str_buffer           
0000022e  tx_str_buffer           
00000234  MEASURE                 
00000236  tx_i                    
00000238  tx_str_len              
000003b0  _stack                  
00000400  __STACK_END             
000010c0  TLV_CHECKSUM            
000010da  TLV_ADC10_1_TAG         
000010db  TLV_ADC10_1_LEN         
000010f6  TLV_DCO_30_TAG          
000010f7  TLV_DCO_30_LEN          
000010f8  CALDCO_16MHZ            
000010f9  CALBC1_16MHZ            
000010fa  CALDCO_12MHZ            
000010fb  CALBC1_12MHZ            
000010fc  CALDCO_8MHZ             
000010fd  CALBC1_8MHZ             
000010fe  CALDCO_1MHZ             
000010ff  CALBC1_1MHZ             
0000c000  USCI0RX_ISR             
0000c146  Read_Temp               
0000c1e4  Serial_PrintHex         
0000c278  Red_led_func            
0000c306  Exec_Commands           
0000c382  Serial_HexStrToInt      
0000c3f6  Timer_A                 
0000c466  Green_led_func          
0000c4cc  Serial_PrintDec         
0000c594  USCI0TX_ISR             
0000c5f4  _auto_init              
0000c64c  Serial_DecStrToInt      
0000c69c  strtok                  
0000c6ea  __mspabi_srli           
0000c6f8  __mspabi_srli_15        
0000c6fc  __mspabi_srli_14        
0000c700  __mspabi_srli_13        
0000c704  __mspabi_srli_12        
0000c708  __mspabi_srli_11        
0000c70c  __mspabi_srli_10        
0000c710  __mspabi_srli_9         
0000c714  __mspabi_srli_8         
0000c718  __mspabi_srli_7         
0000c71c  __mspabi_srli_6         
0000c720  __mspabi_srli_5         
0000c724  __mspabi_srli_4         
0000c728  __mspabi_srli_3         
0000c72c  __mspabi_srli_2         
0000c730  __mspabi_srli_1         
0000c736  Serial_PrintStr         
0000c776  Silent_Mode_Select      
0000c7b6  Show_help               
0000c7f4  Serial_PrintStrOSM      
0000c82e  Num_Format_Select       
0000c862  SetUART_115200_16MHz    
0000c88e  __mspabi_slli           
0000c89a  __mspabi_slli_15        
0000c89c  __mspabi_slli_14        
0000c89e  __mspabi_slli_13        
0000c8a0  __mspabi_slli_12        
0000c8a2  __mspabi_slli_11        
0000c8a4  __mspabi_slli_10        
0000c8a6  __mspabi_slli_9         
0000c8a8  __mspabi_slli_8         
0000c8aa  __mspabi_slli_7         
0000c8ac  __mspabi_slli_6         
0000c8ae  __mspabi_slli_5         
0000c8b0  __mspabi_slli_4         
0000c8b2  __mspabi_slli_3         
0000c8b4  __mspabi_slli_2         
0000c8b6  __mspabi_slli_1         
0000c8ba  strcspn                 
0000c8e2  strspn                  
0000c90a  ConfigMSP               
0000c928  InitPorts               
0000c942  _c_int00_noargs_noexit  
0000c95c  main                    
0000c976  strcmp                  
0000c98e  PrintMeasure            
0000c9a4  __mspabi_divu           
0000c9a4  __mspabi_remu           
0000c9ba  __TI_zero_init          
0000c9ce  __mspabi_mpyi           
0000c9ce  __mspabi_mpyi_sw        
0000c9e2  Serial_PrintInt         
0000c9f4  Serial_StrToInt         
0000ca06  __TI_decompress_none    
0000ca18  memcpy                  
0000ca2a  __mspabi_func_epilog_7  
0000ca2c  __mspabi_func_epilog_6  
0000ca2e  __mspabi_func_epilog_5  
0000ca30  __mspabi_func_epilog_4  
0000ca32  __mspabi_func_epilog_3  
0000ca34  __mspabi_func_epilog_2  
0000ca36  __mspabi_func_epilog_1  
0000ca3a  strcpy                  
0000ca4a  SetADC                  
0000ca58  SetClock_16Mhz          
0000ca66  SetTimerA               
0000ca74  strlen                  
0000ca82  Serial_GetRxBuff        
0000ca8c  __TI_ISR_TRAP           
0000ca92  __TI_decompress_rle24   
0000ca98  _system_pre_init        
0000ca9c  C$$EXIT                 
0000ca9c  abort                   
0000cda4  COMMAND_LIST            
0000cdd6  __TI_Handler_Table_Base 
0000cddc  __TI_Handler_Table_Limit
0000cde0  __TI_CINIT_Base         
0000cde8  __TI_CINIT_Limit        
0000ffe0  __TI_int00              
0000ffe4  __TI_int02              
0000ffe6  __TI_int03              
0000ffea  __TI_int05              
0000ffec  __TI_int06              
0000ffee  __TI_int07              
0000fff0  __TI_int08              
0000fff2  __TI_int09              
0000fff4  __TI_int10              
0000fff6  __TI_int11              
0000fff8  __TI_int12              
0000fffa  __TI_int13              
0000fffc  __TI_int14              
0000fffe  _reset_vector           
ffffffff  __binit__               
ffffffff  __c_args__              
ffffffff  binit                   
UNDEFED   __TI_INITARRAY_Base     
UNDEFED   __TI_INITARRAY_Limit    

[230 symbols]
