******************************************************************************
                  MSP430 Linker PC v4.4.7                      
******************************************************************************
>> Linked Fri Feb 26 12:28:27 2016

OUTPUT FILE NAME:   <MSP_Serial_Com project.out>
ENTRY POINT SYMBOL: "_c_int00_noargs_noexit"  address: 0000c7da


MEMORY CONFIGURATION

         name            origin    length      used     unused   attr    fill
----------------------  --------  ---------  --------  --------  ----  --------
  SFR                   00000000   00000010  00000000  00000010  RWIX
  PERIPHERALS_8BIT      00000010   000000f0  00000000  000000f0  RWIX
  PERIPHERALS_16BIT     00000100   00000100  00000000  00000100  RWIX
  RAM                   00000200   00000200  00000088  00000178  RWIX
  INFOD                 00001000   00000040  00000000  00000040  RWIX
  INFOC                 00001040   00000040  00000000  00000040  RWIX
  INFOB                 00001080   00000040  00000000  00000040  RWIX
  INFOA                 000010c0   00000040  00000000  00000040  RWIX
  FLASH                 0000c000   00003fde  00000c1c  000033c2  RWIX
  BSLSIGNATURE          0000ffde   00000002  00000002  00000000  RWIX  ffff 
  INT00                 0000ffe0   00000002  00000002  00000000  RWIX
  INT01                 0000ffe2   00000002  00000000  00000002  RWIX
  INT02                 0000ffe4   00000002  00000002  00000000  RWIX
  INT03                 0000ffe6   00000002  00000002  00000000  RWIX
  INT04                 0000ffe8   00000002  00000000  00000002  RWIX
  INT05                 0000ffea   00000002  00000002  00000000  RWIX
  INT06                 0000ffec   00000002  00000002  00000000  RWIX
  INT07                 0000ffee   00000002  00000002  00000000  RWIX
  INT08                 0000fff0   00000002  00000002  00000000  RWIX
  INT09                 0000fff2   00000002  00000002  00000000  RWIX
  INT10                 0000fff4   00000002  00000002  00000000  RWIX
  INT11                 0000fff6   00000002  00000002  00000000  RWIX
  INT12                 0000fff8   00000002  00000002  00000000  RWIX
  INT13                 0000fffa   00000002  00000002  00000000  RWIX
  INT14                 0000fffc   00000002  00000002  00000000  RWIX
  RESET                 0000fffe   00000002  00000002  00000000  RWIX


SECTION ALLOCATION MAP

 output                                  attributes/
section   page    origin      length       input sections
--------  ----  ----------  ----------   ----------------
.bss       0    00000200    0000001c     UNINITIALIZED
                  00000200    00000010     (.common:rx_str_buffer)
                  00000210    00000006     (.common:tx_str_buffer)
                  00000216    00000002     (.common:MEASURE)
                  00000218    00000002     (.common:tx_i)
                  0000021a    00000002     (.common:tx_str_len)

.data      0    0000021c    0000001c     UNINITIALIZED
                  0000021c    00000010     commands.obj (.data)
                  0000022c    0000000a     msp_serial_com.obj (.data)
                  00000236    00000002     rts430_eabi.lib : strtok.obj (.data)

.TI.persistent 
*          0    0000021c    00000000     UNINITIALIZED

.stack     0    000003b0    00000050     UNINITIALIZED
                  000003b0    00000002     rts430_eabi.lib : boot.obj (.stack)
                  000003b2    0000004e     --HOLE--

.text      0    0000c000    00000914     
                  0000c000    00000146     msp_serial_com.obj (.text:USCI0RX_ISR)
                  0000c146    0000009e     commands.obj (.text:Read_Temp)
                  0000c1e4    0000008e     commands.obj (.text:Red_led_func)
                  0000c272    0000007c     commands.obj (.text:Exec_Commands)
                  0000c2ee    00000070     commands.obj (.text:Timer_A)
                  0000c35e    00000066     commands.obj (.text:Green_led_func)
                  0000c3c4    00000064     msp_serial_com.obj (.text:PrintDec)
                  0000c428    00000064     rts430_eabi.lib : copy_decompress_rle.obj (.text:__TI_decompress_rle_core)
                  0000c48c    00000060     msp_serial_com.obj (.text:USCI0TX_ISR)
                  0000c4ec    00000058     rts430_eabi.lib : autoinit.obj (.text:_auto_init)
                  0000c544    00000050     msp_serial_com.obj (.text:DecStrToInt)
                  0000c594    0000004e     rts430_eabi.lib : strtok.obj (.text:strtok)
                  0000c5e2    0000004c                     : lsr16.obj (.text)
                  0000c62e    00000040     msp_serial_com.obj (.text:PrintStr)
                  0000c66e    00000040     commands.obj (.text:Silent_Mode_Select)
                  0000c6ae    0000003e     commands.obj (.text:Show_help)
                  0000c6ec    0000003a     msp_serial_com.obj (.text:PrintStrOSM)
                  0000c726    0000002c     msp_config.obj (.text:SetUART_115200_16MHz)
                  0000c752    00000028     rts430_eabi.lib : strcspn.obj (.text:strcspn)
                  0000c77a    00000028                     : strspn.obj (.text:strspn)
                  0000c7a2    0000001e     msp_config.obj (.text:ConfigMSP)
                  0000c7c0    0000001a     msp_config.obj (.text:InitPorts)
                  0000c7da    0000001a     rts430_eabi.lib : boot_special.obj (.text:_c_int00_noargs_noexit)
                  0000c7f4    0000001a     main.obj (.text:main)
                  0000c80e    00000018     rts430_eabi.lib : strcmp.obj (.text:strcmp)
                  0000c826    00000016     commands.obj (.text:PrintMeasure)
                  0000c83c    00000016     rts430_eabi.lib : div16u.obj (.text)
                  0000c852    00000014                     : copy_zero_init.obj (.text:decompress:ZI:__TI_zero_init)
                  0000c866    00000014                     : mult16.obj (.text)
                  0000c87a    00000012                     : copy_decompress_none.obj (.text:decompress:none:__TI_decompress_none)
                  0000c88c    00000012                     : memcpy.obj (.text:memcpy)
                  0000c89e    00000010                     : epilog.obj (.text)
                  0000c8ae    00000010                     : strcpy.obj (.text:strcpy)
                  0000c8be    0000000e     msp_config.obj (.text:SetADC)
                  0000c8cc    0000000e     msp_config.obj (.text:SetClock_16Mhz)
                  0000c8da    0000000e     msp_config.obj (.text:SetTimerA)
                  0000c8e8    0000000e     rts430_eabi.lib : strlen.obj (.text:strlen)
                  0000c8f6    0000000a     msp_serial_com.obj (.text:GetRxBuff)
                  0000c900    00000006     rts430_eabi.lib : isr_trap.obj (.text:_isr:__TI_ISR_TRAP)
                  0000c906    00000006                     : copy_decompress_rle.obj (.text:decompress:rle24:__TI_decompress_rle24)
                  0000c90c    00000004                     : pre_init.obj (.text:_system_pre_init)
                  0000c910    00000004                     : exit.obj (.text:abort)

.const     0    0000c914    000002e8     
                  0000c914    000002ca     commands.obj (.const:.string)
                  0000cbde    0000001e     commands.obj (.const:COMMAND_LIST)

.cinit     0    0000cbfc    00000020     
                  0000cbfc    0000000d     (.cinit..data.load) [load image, compression = rle]
                  0000cc09    00000001     --HOLE-- [fill = 0]
                  0000cc0a    00000006     (__TI_handler_table)
                  0000cc10    00000004     (.cinit..bss.load) [load image, compression = zero_init]
                  0000cc14    00000008     (__TI_cinit_table)

.init_array 
*          0    0000c000    00000000     UNINITIALIZED

TRAPINT    0    0000ffe0    00000002     
                  0000ffe0    00000002     rts430_eabi.lib : int00.obj (.int00)

PORT1      0    0000ffe4    00000002     
                  0000ffe4    00000002     rts430_eabi.lib : int02.obj (.int02)

PORT2      0    0000ffe6    00000002     
                  0000ffe6    00000002     rts430_eabi.lib : int03.obj (.int03)

$fill000   0    0000ffde    00000002     
                  0000ffde    00000002     --HOLE-- [fill = ffff]

ADC10      0    0000ffea    00000002     
                  0000ffea    00000002     rts430_eabi.lib : int05.obj (.int05)

USCIAB0TX 
*          0    0000ffec    00000002     
                  0000ffec    00000002     msp_serial_com.obj (.int06)

USCIAB0RX 
*          0    0000ffee    00000002     
                  0000ffee    00000002     msp_serial_com.obj (.int07)

TIMER0_A1 
*          0    0000fff0    00000002     
                  0000fff0    00000002     rts430_eabi.lib : int08.obj (.int08)

TIMER0_A0 
*          0    0000fff2    00000002     
                  0000fff2    00000002     commands.obj (.int09)

WDT        0    0000fff4    00000002     
                  0000fff4    00000002     rts430_eabi.lib : int10.obj (.int10)

COMPARATORA 
*          0    0000fff6    00000002     
                  0000fff6    00000002     rts430_eabi.lib : int11.obj (.int11)

TIMER1_A1 
*          0    0000fff8    00000002     
                  0000fff8    00000002     rts430_eabi.lib : int12.obj (.int12)

TIMER1_A0 
*          0    0000fffa    00000002     
                  0000fffa    00000002     rts430_eabi.lib : int13.obj (.int13)

NMI        0    0000fffc    00000002     
                  0000fffc    00000002     rts430_eabi.lib : int14.obj (.int14)

.reset     0    0000fffe    00000002     
                  0000fffe    00000002     rts430_eabi.lib : boot.obj (.reset)


LINKER GENERATED COPY TABLES

__TI_cinit_table @ 0000cc14 records: 2, size/record: 4, table size: 8
	.data: load addr=0000cbfc, load size=0000000d bytes, run addr=0000021c, run size=0000001c bytes, compression=rle
	.bss: load addr=0000cc10, load size=00000004 bytes, run addr=00000200, run size=0000001c bytes, compression=zero_init


LINKER GENERATED HANDLER TABLE

__TI_handler_table @ 0000cc0a records: 3, size/record: 2, table size: 6
	index: 0, handler: __TI_zero_init
	index: 1, handler: __TI_decompress_rle24
	index: 2, handler: __TI_decompress_none


GLOBAL SYMBOLS: SORTED ALPHABETICALLY BY Name 

address   name                    
-------   ----                    
0000004a  ADC10AE0                
000001b0  ADC10CTL0               
000001b2  ADC10CTL1               
00000048  ADC10DTC0               
00000049  ADC10DTC1               
000001b4  ADC10MEM                
000001bc  ADC10SA                 
00000057  BCSCTL1                 
00000058  BCSCTL2                 
00000053  BCSCTL3                 
0000021e  BLK_STATUS              
0000c910  C$$EXIT                 
00000059  CACTL1                  
0000005a  CACTL2                  
000010fb  CALBC1_12MHZ            
000010f9  CALBC1_16MHZ            
000010ff  CALBC1_1MHZ             
000010fd  CALBC1_8MHZ             
000010fa  CALDCO_12MHZ            
000010f8  CALDCO_16MHZ            
000010fe  CALDCO_1MHZ             
000010fc  CALDCO_8MHZ             
0000005b  CAPD                    
0000cbde  COMMAND_LIST            
0000c7a2  ConfigMSP               
00000056  DCOCTL                  
0000c544  DecStrToInt             
0000c272  Exec_Commands           
00000128  FCTL1                   
0000012a  FCTL2                   
0000012c  FCTL3                   
0000021c  GRL_STATUS              
0000c8f6  GetRxBuff               
0000c35e  Green_led_func          
00000000  IE1                     
00000001  IE2                     
00000002  IFG1                    
00000003  IFG2                    
0000c7c0  InitPorts               
00000216  MEASURE                 
0000022a  MEASUREMENT             
00000022  P1DIR                   
00000025  P1IE                    
00000024  P1IES                   
00000023  P1IFG                   
00000020  P1IN                    
00000021  P1OUT                   
00000027  P1REN                   
00000026  P1SEL                   
00000041  P1SEL2                  
0000002a  P2DIR                   
0000002d  P2IE                    
0000002c  P2IES                   
0000002b  P2IFG                   
00000028  P2IN                    
00000029  P2OUT                   
0000002f  P2REN                   
0000002e  P2SEL                   
00000042  P2SEL2                  
0000001a  P3DIR                   
00000018  P3IN                    
00000019  P3OUT                   
00000010  P3REN                   
0000001b  P3SEL                   
00000043  P3SEL2                  
0000c3c4  PrintDec                
0000c826  PrintMeasure            
0000c62e  PrintStr                
0000c6ec  PrintStrOSM             
00000232  RX_TRS                  
0000c146  Read_Temp               
0000c1e4  Red_led_func            
00000234  SILENT_MODE             
0000c8be  SetADC                  
0000c8cc  SetClock_16Mhz          
0000c8da  SetTimerA               
0000c726  SetUART_115200_16MHz    
0000c6ae  Show_help               
0000c66e  Silent_Mode_Select      
00000172  TA0CCR0                 
00000174  TA0CCR1                 
00000176  TA0CCR2                 
00000162  TA0CCTL0                
00000164  TA0CCTL1                
00000166  TA0CCTL2                
00000160  TA0CTL                  
0000012e  TA0IV                   
00000170  TA0R                    
00000192  TA1CCR0                 
00000194  TA1CCR1                 
00000196  TA1CCR2                 
00000182  TA1CCTL0                
00000184  TA1CCTL1                
00000186  TA1CCTL2                
00000180  TA1CTL                  
0000011e  TA1IV                   
00000190  TA1R                    
00000222  TIMER_A_SELECT          
000010db  TLV_ADC10_1_LEN         
000010da  TLV_ADC10_1_TAG         
000010c0  TLV_CHECKSUM            
000010f7  TLV_DCO_30_LEN          
000010f6  TLV_DCO_30_TAG          
00000220  TMS_STATUS              
0000022c  TX_STR                  
0000022e  TX_TRS                  
00000228  T_MEAS                  
0000c2ee  Timer_A                 
0000005d  UCA0ABCTL               
00000062  UCA0BR0                 
00000063  UCA0BR1                 
00000060  UCA0CTL0                
00000061  UCA0CTL1                
0000005f  UCA0IRRCTL              
0000005e  UCA0IRTCTL              
00000064  UCA0MCTL                
00000066  UCA0RXBUF               
00000065  UCA0STAT                
00000067  UCA0TXBUF               
0000006a  UCB0BR0                 
0000006b  UCB0BR1                 
00000068  UCB0CTL0                
00000069  UCB0CTL1                
0000006c  UCB0I2CIE               
00000118  UCB0I2COA               
0000011a  UCB0I2CSA               
0000006e  UCB0RXBUF               
0000006d  UCB0STAT                
0000006f  UCB0TXBUF               
0000c000  USCI0RX_ISR             
0000c48c  USCI0TX_ISR             
00000120  WDTCTL                  
00000400  __STACK_END             
00000050  __STACK_SIZE            
0000cc14  __TI_CINIT_Base         
0000cc1c  __TI_CINIT_Limit        
0000cc0a  __TI_Handler_Table_Base 
0000cc10  __TI_Handler_Table_Limit
UNDEFED   __TI_INITARRAY_Base     
UNDEFED   __TI_INITARRAY_Limit    
0000c900  __TI_ISR_TRAP           
0000c87a  __TI_decompress_none    
0000c906  __TI_decompress_rle24   
0000ffe0  __TI_int00              
0000ffe4  __TI_int02              
0000ffe6  __TI_int03              
0000ffea  __TI_int05              
0000ffec  __TI_int06              
0000ffee  __TI_int07              
0000fff0  __TI_int08              
0000fff2  __TI_int09              
0000fff4  __TI_int10              
0000fff6  __TI_int11              
0000fff8  __TI_int12              
0000fffa  __TI_int13              
0000fffc  __TI_int14              
0000c852  __TI_zero_init          
ffffffff  __binit__               
ffffffff  __c_args__              
0000c83c  __mspabi_divu           
0000c8aa  __mspabi_func_epilog_1  
0000c8a8  __mspabi_func_epilog_2  
0000c8a6  __mspabi_func_epilog_3  
0000c8a4  __mspabi_func_epilog_4  
0000c8a2  __mspabi_func_epilog_5  
0000c8a0  __mspabi_func_epilog_6  
0000c89e  __mspabi_func_epilog_7  
0000c866  __mspabi_mpyi           
0000c866  __mspabi_mpyi_sw        
0000c83c  __mspabi_remu           
0000c5e2  __mspabi_srli           
0000c628  __mspabi_srli_1         
0000c604  __mspabi_srli_10        
0000c600  __mspabi_srli_11        
0000c5fc  __mspabi_srli_12        
0000c5f8  __mspabi_srli_13        
0000c5f4  __mspabi_srli_14        
0000c5f0  __mspabi_srli_15        
0000c624  __mspabi_srli_2         
0000c620  __mspabi_srli_3         
0000c61c  __mspabi_srli_4         
0000c618  __mspabi_srli_5         
0000c614  __mspabi_srli_6         
0000c610  __mspabi_srli_7         
0000c60c  __mspabi_srli_8         
0000c608  __mspabi_srli_9         
0000c4ec  _auto_init              
0000c7da  _c_int00_noargs_noexit  
0000fffe  _reset_vector           
000003b0  _stack                  
0000c90c  _system_pre_init        
0000c910  abort                   
ffffffff  binit                   
0000c7f4  main                    
0000c88c  memcpy                  
00000224  msec_counter            
00000230  rx_i                    
00000200  rx_str_buffer           
00000226  sec_counter             
0000c80e  strcmp                  
0000c8ae  strcpy                  
0000c752  strcspn                 
0000c8e8  strlen                  
0000c77a  strspn                  
0000c594  strtok                  
00000218  tx_i                    
00000210  tx_str_buffer           
0000021a  tx_str_len              


GLOBAL SYMBOLS: SORTED BY Symbol Address 

address   name                    
-------   ----                    
00000000  IE1                     
00000001  IE2                     
00000002  IFG1                    
00000003  IFG2                    
00000010  P3REN                   
00000018  P3IN                    
00000019  P3OUT                   
0000001a  P3DIR                   
0000001b  P3SEL                   
00000020  P1IN                    
00000021  P1OUT                   
00000022  P1DIR                   
00000023  P1IFG                   
00000024  P1IES                   
00000025  P1IE                    
00000026  P1SEL                   
00000027  P1REN                   
00000028  P2IN                    
00000029  P2OUT                   
0000002a  P2DIR                   
0000002b  P2IFG                   
0000002c  P2IES                   
0000002d  P2IE                    
0000002e  P2SEL                   
0000002f  P2REN                   
00000041  P1SEL2                  
00000042  P2SEL2                  
00000043  P3SEL2                  
00000048  ADC10DTC0               
00000049  ADC10DTC1               
0000004a  ADC10AE0                
00000050  __STACK_SIZE            
00000053  BCSCTL3                 
00000056  DCOCTL                  
00000057  BCSCTL1                 
00000058  BCSCTL2                 
00000059  CACTL1                  
0000005a  CACTL2                  
0000005b  CAPD                    
0000005d  UCA0ABCTL               
0000005e  UCA0IRTCTL              
0000005f  UCA0IRRCTL              
00000060  UCA0CTL0                
00000061  UCA0CTL1                
00000062  UCA0BR0                 
00000063  UCA0BR1                 
00000064  UCA0MCTL                
00000065  UCA0STAT                
00000066  UCA0RXBUF               
00000067  UCA0TXBUF               
00000068  UCB0CTL0                
00000069  UCB0CTL1                
0000006a  UCB0BR0                 
0000006b  UCB0BR1                 
0000006c  UCB0I2CIE               
0000006d  UCB0STAT                
0000006e  UCB0RXBUF               
0000006f  UCB0TXBUF               
00000118  UCB0I2COA               
0000011a  UCB0I2CSA               
0000011e  TA1IV                   
00000120  WDTCTL                  
00000128  FCTL1                   
0000012a  FCTL2                   
0000012c  FCTL3                   
0000012e  TA0IV                   
00000160  TA0CTL                  
00000162  TA0CCTL0                
00000164  TA0CCTL1                
00000166  TA0CCTL2                
00000170  TA0R                    
00000172  TA0CCR0                 
00000174  TA0CCR1                 
00000176  TA0CCR2                 
00000180  TA1CTL                  
00000182  TA1CCTL0                
00000184  TA1CCTL1                
00000186  TA1CCTL2                
00000190  TA1R                    
00000192  TA1CCR0                 
00000194  TA1CCR1                 
00000196  TA1CCR2                 
000001b0  ADC10CTL0               
000001b2  ADC10CTL1               
000001b4  ADC10MEM                
000001bc  ADC10SA                 
00000200  rx_str_buffer           
00000210  tx_str_buffer           
00000216  MEASURE                 
00000218  tx_i                    
0000021a  tx_str_len              
0000021c  GRL_STATUS              
0000021e  BLK_STATUS              
00000220  TMS_STATUS              
00000222  TIMER_A_SELECT          
00000224  msec_counter            
00000226  sec_counter             
00000228  T_MEAS                  
0000022a  MEASUREMENT             
0000022c  TX_STR                  
0000022e  TX_TRS                  
00000230  rx_i                    
00000232  RX_TRS                  
00000234  SILENT_MODE             
000003b0  _stack                  
00000400  __STACK_END             
000010c0  TLV_CHECKSUM            
000010da  TLV_ADC10_1_TAG         
000010db  TLV_ADC10_1_LEN         
000010f6  TLV_DCO_30_TAG          
000010f7  TLV_DCO_30_LEN          
000010f8  CALDCO_16MHZ            
000010f9  CALBC1_16MHZ            
000010fa  CALDCO_12MHZ            
000010fb  CALBC1_12MHZ            
000010fc  CALDCO_8MHZ             
000010fd  CALBC1_8MHZ             
000010fe  CALDCO_1MHZ             
000010ff  CALBC1_1MHZ             
0000c000  USCI0RX_ISR             
0000c146  Read_Temp               
0000c1e4  Red_led_func            
0000c272  Exec_Commands           
0000c2ee  Timer_A                 
0000c35e  Green_led_func          
0000c3c4  PrintDec                
0000c48c  USCI0TX_ISR             
0000c4ec  _auto_init              
0000c544  DecStrToInt             
0000c594  strtok                  
0000c5e2  __mspabi_srli           
0000c5f0  __mspabi_srli_15        
0000c5f4  __mspabi_srli_14        
0000c5f8  __mspabi_srli_13        
0000c5fc  __mspabi_srli_12        
0000c600  __mspabi_srli_11        
0000c604  __mspabi_srli_10        
0000c608  __mspabi_srli_9         
0000c60c  __mspabi_srli_8         
0000c610  __mspabi_srli_7         
0000c614  __mspabi_srli_6         
0000c618  __mspabi_srli_5         
0000c61c  __mspabi_srli_4         
0000c620  __mspabi_srli_3         
0000c624  __mspabi_srli_2         
0000c628  __mspabi_srli_1         
0000c62e  PrintStr                
0000c66e  Silent_Mode_Select      
0000c6ae  Show_help               
0000c6ec  PrintStrOSM             
0000c726  SetUART_115200_16MHz    
0000c752  strcspn                 
0000c77a  strspn                  
0000c7a2  ConfigMSP               
0000c7c0  InitPorts               
0000c7da  _c_int00_noargs_noexit  
0000c7f4  main                    
0000c80e  strcmp                  
0000c826  PrintMeasure            
0000c83c  __mspabi_divu           
0000c83c  __mspabi_remu           
0000c852  __TI_zero_init          
0000c866  __mspabi_mpyi           
0000c866  __mspabi_mpyi_sw        
0000c87a  __TI_decompress_none    
0000c88c  memcpy                  
0000c89e  __mspabi_func_epilog_7  
0000c8a0  __mspabi_func_epilog_6  
0000c8a2  __mspabi_func_epilog_5  
0000c8a4  __mspabi_func_epilog_4  
0000c8a6  __mspabi_func_epilog_3  
0000c8a8  __mspabi_func_epilog_2  
0000c8aa  __mspabi_func_epilog_1  
0000c8ae  strcpy                  
0000c8be  SetADC                  
0000c8cc  SetClock_16Mhz          
0000c8da  SetTimerA               
0000c8e8  strlen                  
0000c8f6  GetRxBuff               
0000c900  __TI_ISR_TRAP           
0000c906  __TI_decompress_rle24   
0000c90c  _system_pre_init        
0000c910  C$$EXIT                 
0000c910  abort                   
0000cbde  COMMAND_LIST            
0000cc0a  __TI_Handler_Table_Base 
0000cc10  __TI_Handler_Table_Limit
0000cc14  __TI_CINIT_Base         
0000cc1c  __TI_CINIT_Limit        
0000ffe0  __TI_int00              
0000ffe4  __TI_int02              
0000ffe6  __TI_int03              
0000ffea  __TI_int05              
0000ffec  __TI_int06              
0000ffee  __TI_int07              
0000fff0  __TI_int08              
0000fff2  __TI_int09              
0000fff4  __TI_int10              
0000fff6  __TI_int11              
0000fff8  __TI_int12              
0000fffa  __TI_int13              
0000fffc  __TI_int14              
0000fffe  _reset_vector           
ffffffff  __binit__               
ffffffff  __c_args__              
ffffffff  binit                   
UNDEFED   __TI_INITARRAY_Base     
UNDEFED   __TI_INITARRAY_Limit    

[208 symbols]
